[   -8974ms] [ERROR] Failed to load resource: the server responded with a status of 406 () @ https://sonic.fdp.api.flipkart.com/4/data/collector/business:0
[   -8886ms] [ERROR] Access to fetch at 'https://static-assets-web.flixcart.com/www/linchpin/batman-returns/codes.json' from origin 'https://www.flipkart.com' has been blocked by CORS policy: Request header field x-user-agent is not allowed by Access-Control-Allow-Headers in preflight response. @ https://www.flipkart.com/viewcart?exploreMode=TRUE&preference=FLIPKART:0
[   -8886ms] [ERROR] Failed to load resource: net::ERR_FAILED @ https://static-assets-web.flixcart.com/www/linchpin/batman-returns/codes.json:0
[   -8779ms] [WARNING] Warning: Component with name Placeholderis not available. Returning a fallback View @ https://static-assets-web.flixcart.com/batman-returns/batman-returns/p/1a61c191b8236b804c149da805810270/CrossCommon.js:0
[   -8744ms] [WARNING] Warning: Component with name RNShimmeringViewis not available. Returning a fallback View @ https://static-assets-web.flixcart.com/batman-returns/batman-returns/p/1a61c191b8236b804c149da805810270/CrossCommon.js:0
[   -8732ms] [WARNING] Warning: Component with name GifViewis not available. Returning a fallback View @ https://static-assets-web.flixcart.com/batman-returns/batman-returns/p/1a61c191b8236b804c149da805810270/CrossCommon.js:0
[   -8731ms] [WARNING] Warning: Component with name LiveVideoViewis not available. Returning a fallback View @ https://static-assets-web.flixcart.com/batman-returns/batman-returns/p/1a61c191b8236b804c149da805810270/CrossCommon.js:0
[   -8731ms] [WARNING] Warning: Component with name HybridConditionTrackerViewis not available. Returning a fallback View @ https://static-assets-web.flixcart.com/batman-returns/batman-returns/p/1a61c191b8236b804c149da805810270/CrossCommon.js:0
[   -8632ms] [LOG] ServiceWorker registration successful with scope:  https://www.flipkart.com/ @ https://www.flipkart.com/viewcart?exploreMode=TRUE&preference=FLIPKART:184
[   -8632ms] [LOG] ServiceWorker is active and sending message :  https://www.flipkart.com/ @ https://www.flipkart.com/viewcart?exploreMode=TRUE&preference=FLIPKART:193
[   -8627ms] [LOG] Sync registration successfull for web push Heart beat @ https://www.flipkart.com/viewcart?exploreMode=TRUE&preference=FLIPKART:213
[    8233ms] [ERROR] Failed to load resource: the server responded with a status of 406 () @ https://sonic.fdp.api.flipkart.com/4/data/collector/business:0
[    8315ms] [WARNING] Warning: Component with name Placeholderis not available. Returning a fallback View @ https://static-assets-web.flixcart.com/batman-returns/batman-returns/p/1a61c191b8236b804c149da805810270/CrossCommon.js:0
[    8349ms] [WARNING] Warning: Component with name RNShimmeringViewis not available. Returning a fallback View @ https://static-assets-web.flixcart.com/batman-returns/batman-returns/p/1a61c191b8236b804c149da805810270/CrossCommon.js:0
[    8362ms] [WARNING] Warning: Component with name GifViewis not available. Returning a fallback View @ https://static-assets-web.flixcart.com/batman-returns/batman-returns/p/1a61c191b8236b804c149da805810270/CrossCommon.js:0
[    8362ms] [WARNING] Warning: Component with name LiveVideoViewis not available. Returning a fallback View @ https://static-assets-web.flixcart.com/batman-returns/batman-returns/p/1a61c191b8236b804c149da805810270/CrossCommon.js:0
[    8363ms] [WARNING] Warning: Component with name HybridConditionTrackerViewis not available. Returning a fallback View @ https://static-assets-web.flixcart.com/batman-returns/batman-returns/p/1a61c191b8236b804c149da805810270/CrossCommon.js:0
[    8397ms] [ERROR] Access to fetch at 'https://static-assets-web.flixcart.com/www/linchpin/batman-returns/codes.json' from origin 'https://www.flipkart.com' has been blocked by CORS policy: Request header field x-user-agent is not allowed by Access-Control-Allow-Headers in preflight response. @ https://www.flipkart.com/citycart-digital-pink-clock/p/itm0fe4ca38b1af0?pid=TCKHMCFMJJRG6M9P&lid=LSTTCKHMCFMJJRG6M9PEUPGZT&marketplace=FLIPKART&q=clock&store=arb%2Fkjw&srno=s_1_1&otracker=search&otracker1=search&fm=organic&iid=en_04CRaJmwku_2vl_co-khGajg3OugvaKXngb3cLAPuDPCtvwW04fDyLA_3yWV8-9WdtNZVcQ7hZ6D3fluZdTbHA%3D%3D&ppt=None&ppn=None&ssid=u7lwayxljk0000001779172282558&qH=05531b19bb846b18&ov_redirect=true&ov_redirect=true:0
[    8397ms] [ERROR] Failed to load resource: net::ERR_FAILED @ https://static-assets-web.flixcart.com/www/linchpin/batman-returns/codes.json:0
[    8416ms] [LOG] ServiceWorker registration successful with scope:  https://www.flipkart.com/ @ https://www.flipkart.com/citycart-digital-pink-clock/p/itm0fe4ca38b1af0?pid=TCKHMCFMJJRG6M9P&lid=LSTTCKHMCFMJJRG6M9PEUPGZT&marketplace=FLIPKART&q=clock&store=arb%2Fkjw&srno=s_1_1&otracker=search&otracker1=search&fm=organic&iid=en_04CRaJmwku_2vl_co-khGajg3OugvaKXngb3cLAPuDPCtvwW04fDyLA_3yWV8-9WdtNZVcQ7hZ6D3fluZdTbHA%3D%3D&ppt=None&ppn=None&ssid=u7lwayxljk0000001779172282558&qH=05531b19bb846b18&ov_redirect=true&ov_redirect=true:1877
[    8416ms] [LOG] ServiceWorker is active and sending message :  https://www.flipkart.com/ @ https://www.flipkart.com/citycart-digital-pink-clock/p/itm0fe4ca38b1af0?pid=TCKHMCFMJJRG6M9P&lid=LSTTCKHMCFMJJRG6M9PEUPGZT&marketplace=FLIPKART&q=clock&store=arb%2Fkjw&srno=s_1_1&otracker=search&otracker1=search&fm=organic&iid=en_04CRaJmwku_2vl_co-khGajg3OugvaKXngb3cLAPuDPCtvwW04fDyLA_3yWV8-9WdtNZVcQ7hZ6D3fluZdTbHA%3D%3D&ppt=None&ppn=None&ssid=u7lwayxljk0000001779172282558&qH=05531b19bb846b18&ov_redirect=true&ov_redirect=true:1886
[    8423ms] [LOG] Sync registration successfull for web push Heart beat @ https://www.flipkart.com/citycart-digital-pink-clock/p/itm0fe4ca38b1af0?pid=TCKHMCFMJJRG6M9P&lid=LSTTCKHMCFMJJRG6M9PEUPGZT&marketplace=FLIPKART&q=clock&store=arb%2Fkjw&srno=s_1_1&otracker=search&otracker1=search&fm=organic&iid=en_04CRaJmwku_2vl_co-khGajg3OugvaKXngb3cLAPuDPCtvwW04fDyLA_3yWV8-9WdtNZVcQ7hZ6D3fluZdTbHA%3D%3D&ppt=None&ppn=None&ssid=u7lwayxljk0000001779172282558&qH=05531b19bb846b18&ov_redirect=true&ov_redirect=true:1906
[    8674ms] [WARNING] Animated: `useNativeDriver` is not supported because the native animated module is missing. Falling back to JS-based animation. To resolve this, add `RCTAnimation` module to this app, or remove `useNativeDriver`. Make sure to run `bundle exec pod install` first. Read more about autolinking: https://github.com/react-native-community/cli/blob/master/docs/autolinking.md @ https://static-assets-web.flixcart.com/batman-returns/batman-returns/p/1a61c191b8236b804c149da805810270/CrossCommon.js:0
[  112089ms] [ERROR] Access to fetch at 'https://static-assets-web.flixcart.com/www/linchpin/batman-returns/codes.json' from origin 'https://www.flipkart.com' has been blocked by CORS policy: Request header field x-user-agent is not allowed by Access-Control-Allow-Headers in preflight response. @ https://www.flipkart.com/viewcart?exploreMode=TRUE&preference=FLIPKART:0
[  112090ms] [ERROR] Failed to load resource: net::ERR_FAILED @ https://static-assets-web.flixcart.com/www/linchpin/batman-returns/codes.json:0
[  112111ms] [ERROR] Failed to load resource: the server responded with a status of 406 () @ https://sonic.fdp.api.flipkart.com/4/data/collector/business:0
[  112382ms] [WARNING] Warning: Component with name Placeholderis not available. Returning a fallback View @ https://static-assets-web.flixcart.com/batman-returns/batman-returns/p/1a61c191b8236b804c149da805810270/CrossCommon.js:0
[  112490ms] [WARNING] Warning: Component with name RNShimmeringViewis not available. Returning a fallback View @ https://static-assets-web.flixcart.com/batman-returns/batman-returns/p/1a61c191b8236b804c149da805810270/CrossCommon.js:0
[  112529ms] [WARNING] Warning: Component with name GifViewis not available. Returning a fallback View @ https://static-assets-web.flixcart.com/batman-returns/batman-returns/p/1a61c191b8236b804c149da805810270/CrossCommon.js:0
[  112530ms] [WARNING] Warning: Component with name LiveVideoViewis not available. Returning a fallback View @ https://static-assets-web.flixcart.com/batman-returns/batman-returns/p/1a61c191b8236b804c149da805810270/CrossCommon.js:0
[  112533ms] [WARNING] Warning: Component with name HybridConditionTrackerViewis not available. Returning a fallback View @ https://static-assets-web.flixcart.com/batman-returns/batman-returns/p/1a61c191b8236b804c149da805810270/CrossCommon.js:0
[  112760ms] [LOG] ServiceWorker registration successful with scope:  https://www.flipkart.com/ @ https://www.flipkart.com/viewcart?exploreMode=TRUE&preference=FLIPKART:184
[  112760ms] [LOG] ServiceWorker is active and sending message :  https://www.flipkart.com/ @ https://www.flipkart.com/viewcart?exploreMode=TRUE&preference=FLIPKART:193
[  112767ms] [LOG] Sync registration successfull for web push Heart beat @ https://www.flipkart.com/viewcart?exploreMode=TRUE&preference=FLIPKART:213
