[  -40371ms] [LOG] Flipkart ♥'s web @ https://static-assets-web.flixcart.com/fk-p-linchpin-web/fk-cp-zion/js/app.572e15e1.js:0
[  -40354ms] [LOG] ServiceWorker registration successful with scope:  https://www.flipkart.com/ @ https://www.flipkart.com/search?q=clock&otracker=search&otracker1=search&marketplace=FLIPKART&as-show=off&as=off:68
[  -40266ms] [ERROR] Failed to load resource: the server responded with a status of 406 () @ https://sonic.fdp.api.flipkart.com/4/data/collector/business:0
[  -39704ms] [ERROR] Failed to load resource: the server responded with a status of 406 () @ https://sonic.fdp.api.flipkart.com/4/data/collector/business:0
[   31928ms] [ERROR] {action: FDP_TRACKING, url: https://1.sonic.fdp.api.flipkart.com/4/data/collector/business} Error: API timeout error NewApiCaller:fetchWithContextAndTimeout:error @ https://static-assets-web.flixcart.com/fk-p-linchpin-web/fk-cp-zion/js/app.572e15e1.js:0
[   31929ms] [ERROR] TypeError: Failed to fetch
    at e.<computed> (https://www.flipkart.com/search?q=clock&otracker=search&otracker1=search&marketplace=FLIPKART&as-show=off&as=off:17:16383)
    at U (https://static-assets-web.flixcart.com/fk-p-linchpin-web/fk-cp-zion/js/app.572e15e1.js:1:325571)
    at M (https://static-assets-web.flixcart.com/fk-p-linchpin-web/fk-cp-zion/js/app.572e15e1.js:1:326034)
    at Object.post (https://static-assets-web.flixcart.com/fk-p-linchpin-web/fk-cp-zion/js/app.572e15e1.js:1:327033)
    at e.value (https://static-assets-web.flixcart.com/fk-p-linchpin-web/fk-cp-zion/js/app_common.5fd330b1.js:1:116105)
    at e.value (https://static-assets-web.flixcart.com/fk-p-linchpin-web/fk-cp-zion/js/app_common.5fd330b1.js:1:116588)
    at y (https://static-assets-web.flixcart.com/fk-p-linchpin-web/fk-cp-zion/js/vendor.79dfd802.js:2:218560)
    at https://static-assets-web.flixcart.com/fk-p-linchpin-web/fk-cp-zion/js/vendor.79dfd802.js:2:218926
    at e.k (https://static-assets-web.flixcart.com/fk-p-linchpin-web/fk-cp-zion/js/vendor.79dfd802.js:2:218933)
    at e.value (https://static-assets-web.flixcart.com/fk-p-linchpin-web/fk-cp-zion/js/app_common.5fd330b1.js:1:114960) NewApiCaller:logError @ https://static-assets-web.flixcart.com/fk-p-linchpin-web/fk-cp-zion/js/app.572e15e1.js:0
[   32977ms] [ERROR] Access to fetch at 'https://static-assets-web.flixcart.com/www/linchpin/batman-returns/codes.json' from origin 'https://www.flipkart.com' has been blocked by CORS policy: Request header field x-user-agent is not allowed by Access-Control-Allow-Headers in preflight response. @ https://www.flipkart.com/viewcart?exploreMode=TRUE&preference=FLIPKART:0
[   32977ms] [ERROR] Failed to load resource: net::ERR_FAILED @ https://static-assets-web.flixcart.com/www/linchpin/batman-returns/codes.json:0
[   33020ms] [ERROR] Failed to load resource: the server responded with a status of 406 () @ https://sonic.fdp.api.flipkart.com/4/data/collector/business:0
[   33244ms] [WARNING] Warning: Component with name Placeholderis not available. Returning a fallback View @ https://static-assets-web.flixcart.com/batman-returns/batman-returns/p/1a61c191b8236b804c149da805810270/CrossCommon.js:0
[   33362ms] [WARNING] Warning: Component with name RNShimmeringViewis not available. Returning a fallback View @ https://static-assets-web.flixcart.com/batman-returns/batman-returns/p/1a61c191b8236b804c149da805810270/CrossCommon.js:0
[   33399ms] [WARNING] Warning: Component with name GifViewis not available. Returning a fallback View @ https://static-assets-web.flixcart.com/batman-returns/batman-returns/p/1a61c191b8236b804c149da805810270/CrossCommon.js:0
[   33400ms] [WARNING] Warning: Component with name LiveVideoViewis not available. Returning a fallback View @ https://static-assets-web.flixcart.com/batman-returns/batman-returns/p/1a61c191b8236b804c149da805810270/CrossCommon.js:0
[   33402ms] [WARNING] Warning: Component with name HybridConditionTrackerViewis not available. Returning a fallback View @ https://static-assets-web.flixcart.com/batman-returns/batman-returns/p/1a61c191b8236b804c149da805810270/CrossCommon.js:0
[   33591ms] [LOG] ServiceWorker registration successful with scope:  https://www.flipkart.com/ @ https://www.flipkart.com/viewcart?exploreMode=TRUE&preference=FLIPKART:184
[   33592ms] [LOG] ServiceWorker is active and sending message :  https://www.flipkart.com/ @ https://www.flipkart.com/viewcart?exploreMode=TRUE&preference=FLIPKART:193
[   33598ms] [LOG] Sync registration successfull for web push Heart beat @ https://www.flipkart.com/viewcart?exploreMode=TRUE&preference=FLIPKART:213
[   59028ms] [LOG] ServiceWorker registration successful with scope:  https://www.flipkart.com/ @ https://www.flipkart.com/citycart-digital-pink-clock/p/itm0fe4ca38b1af0?pid=TCKHMCFMJJRG6M9P&lid=LSTTCKHMCFMJJRG6M9PEUPGZT&marketplace=FLIPKART&q=clock&store=arb%2Fkjw&srno=s_1_1&otracker=search&otracker1=search&fm=organic&iid=en_ZMMjhDrk_JMI6oZpj4iZDMYtgEAenkyy7-NCJtVUT0FmF87Uy41KPvpQZ8ytUHH4dtNZVcQ7hZ6D3fluZdTbHA%3D%3D&ppt=None&ppn=None&ssid=cdb7pf8vts0000001779172040703&qH=05531b19bb846b18:1873
[   59028ms] [LOG] ServiceWorker is active and sending message :  https://www.flipkart.com/ @ https://www.flipkart.com/citycart-digital-pink-clock/p/itm0fe4ca38b1af0?pid=TCKHMCFMJJRG6M9P&lid=LSTTCKHMCFMJJRG6M9PEUPGZT&marketplace=FLIPKART&q=clock&store=arb%2Fkjw&srno=s_1_1&otracker=search&otracker1=search&fm=organic&iid=en_ZMMjhDrk_JMI6oZpj4iZDMYtgEAenkyy7-NCJtVUT0FmF87Uy41KPvpQZ8ytUHH4dtNZVcQ7hZ6D3fluZdTbHA%3D%3D&ppt=None&ppn=None&ssid=cdb7pf8vts0000001779172040703&qH=05531b19bb846b18:1882
[   59054ms] [LOG] Sync registration successfull for web push Heart beat @ https://www.flipkart.com/citycart-digital-pink-clock/p/itm0fe4ca38b1af0?pid=TCKHMCFMJJRG6M9P&lid=LSTTCKHMCFMJJRG6M9PEUPGZT&marketplace=FLIPKART&q=clock&store=arb%2Fkjw&srno=s_1_1&otracker=search&otracker1=search&fm=organic&iid=en_ZMMjhDrk_JMI6oZpj4iZDMYtgEAenkyy7-NCJtVUT0FmF87Uy41KPvpQZ8ytUHH4dtNZVcQ7hZ6D3fluZdTbHA%3D%3D&ppt=None&ppn=None&ssid=cdb7pf8vts0000001779172040703&qH=05531b19bb846b18:1902
[   59055ms] [ERROR] Failed to load resource: the server responded with a status of 406 () @ https://sonic.fdp.api.flipkart.com/4/data/collector/business:0
[   59108ms] [ERROR] Access to fetch at 'https://static-assets-web.flixcart.com/www/linchpin/batman-returns/codes.json' from origin 'https://www.flipkart.com' has been blocked by CORS policy: Request header field x-user-agent is not allowed by Access-Control-Allow-Headers in preflight response. @ https://www.flipkart.com/citycart-digital-pink-clock/p/itm0fe4ca38b1af0?pid=TCKHMCFMJJRG6M9P&lid=LSTTCKHMCFMJJRG6M9PEUPGZT&marketplace=FLIPKART&q=clock&store=arb%2Fkjw&srno=s_1_1&otracker=search&otracker1=search&fm=organic&iid=en_ZMMjhDrk_JMI6oZpj4iZDMYtgEAenkyy7-NCJtVUT0FmF87Uy41KPvpQZ8ytUHH4dtNZVcQ7hZ6D3fluZdTbHA%3D%3D&ppt=None&ppn=None&ssid=cdb7pf8vts0000001779172040703&qH=05531b19bb846b18:0
[   59108ms] [ERROR] Failed to load resource: net::ERR_FAILED @ https://static-assets-web.flixcart.com/www/linchpin/batman-returns/codes.json:0
[   59392ms] [WARNING] Warning: Component with name Placeholderis not available. Returning a fallback View @ https://static-assets-web.flixcart.com/batman-returns/batman-returns/p/1a61c191b8236b804c149da805810270/CrossCommon.js:0
[   59503ms] [WARNING] Warning: Component with name RNShimmeringViewis not available. Returning a fallback View @ https://static-assets-web.flixcart.com/batman-returns/batman-returns/p/1a61c191b8236b804c149da805810270/CrossCommon.js:0
[   59544ms] [WARNING] Warning: Component with name GifViewis not available. Returning a fallback View @ https://static-assets-web.flixcart.com/batman-returns/batman-returns/p/1a61c191b8236b804c149da805810270/CrossCommon.js:0
[   59544ms] [WARNING] Warning: Component with name LiveVideoViewis not available. Returning a fallback View @ https://static-assets-web.flixcart.com/batman-returns/batman-returns/p/1a61c191b8236b804c149da805810270/CrossCommon.js:0
[   59547ms] [WARNING] Warning: Component with name HybridConditionTrackerViewis not available. Returning a fallback View @ https://static-assets-web.flixcart.com/batman-returns/batman-returns/p/1a61c191b8236b804c149da805810270/CrossCommon.js:0
[   60772ms] [WARNING] Animated: `useNativeDriver` is not supported because the native animated module is missing. Falling back to JS-based animation. To resolve this, add `RCTAnimation` module to this app, or remove `useNativeDriver`. Make sure to run `bundle exec pod install` first. Read more about autolinking: https://github.com/react-native-community/cli/blob/master/docs/autolinking.md @ https://static-assets-web.flixcart.com/batman-returns/batman-returns/p/1a61c191b8236b804c149da805810270/CrossCommon.js:0
